// Jest Snapshot v1, https://goo.gl/fbAQLP

exports[`<InputText /> shoould match snapshot 1`] = `
<form>
  <div
    className="columns"
  >
    <div
      className="column is-6"
    >
      <Wrapper
        handleChange={[Function]}
        key="value"
        name="value"
      />
      <Wrapper
        handleChange={[Function]}
        key="value2"
        name="value2"
      />
    </div>
    <div
      className="column is-6"
    >
      <Wrapper
        handleChange={[Function]}
      />
      <Wrapper
        handleChange={[Function]}
      />
    </div>
  </div>
  <h1>
    Estamos en AR
  </h1>
  <h2>
    El lenguaje es ES
  </h2>
  <Wrapper
    printMessage={[Function]}
  />
  <div
    className="column"
  >
    <div
      className="column is-4"
    >
      <div
        className="field is-grouped"
      >
        <p
          className="control"
        >
          <button
            className="button is-primary"
            onClick={[Function]}
            type="button"
          >
            Borrar input
          </button>
        </p>
        <p
          className="control"
        >
          <button
            className="button is-secondary"
            onClick={[Function]}
            type="button"
          >
            Borrar input 2
          </button>
        </p>
      </div>
    </div>
  </div>
</form>
`;
